// Jest Snapshot v1, https://goo.gl/fbAQLP

exports[`Transactions should render the page 1`] = `
<div>
  <div
    class="p-2 space-y-6 md:py-8 md:px-6 mb-20 md:mb-6"
  >
    <div
      class="border w-full rounded-lg py-8 px-6 flex flex-col flex-wrap md:flex-row justify-between items-center gap-4 bg-white cursor-pointer"
    >
      <div
        class="flex flex-col"
      >
        <h1
          class="md:text-2xl text-gray-700 font-bold flex-wrap flex items-center gap-2 text-lg"
        >
          Historique des transactions
        </h1>
      </div>
      <div
        class="flex flex-row flex-wrap  gap-2 center justify-end space-x-2"
      >
        <button
          class="text-white bg-blue-700 border border-transparent hover:bg-blue-800 focus:ring-4 focus:ring-blue-300 disabled:hover:bg-blue-700 dark:bg-blue-600 dark:hover:bg-blue-700 dark:focus:ring-blue-800 dark:disabled:hover:bg-blue-600 focus:!ring-2 group flex h-min items-center justify-center p-0.5 text-center font-medium focus:z-10 rounded-lg bg-primary"
          type="button"
        >
          <span
            class="flex items-center rounded-md text-sm px-4 py-2"
          >
            <svg
              class="mr-2 h-5 w-5"
              fill="currentColor"
              height="1em"
              stroke="currentColor"
              stroke-width="0"
              viewBox="0 0 24 24"
              width="1em"
              xmlns="http://www.w3.org/2000/svg"
            >
              <g
                id="Save_Down_2"
              >
                <g>
                  <path
                    d="M18.437,20.948H5.563a2.372,2.372,0,0,1-2.5-2.21v-11a2.372,2.372,0,0,1,2.5-2.211h.462a.5.5,0,0,1,0,1H5.563a1.38,1.38,0,0,0-1.5,1.211v11a1.38,1.38,0,0,0,1.5,1.21H18.437a1.38,1.38,0,0,0,1.5-1.21v-11a1.38,1.38,0,0,0-1.5-1.211h-.462a.5.5,0,0,1,0-1h.462a2.372,2.372,0,0,1,2.5,2.211v11A2.372,2.372,0,0,1,18.437,20.948Z"
                  />
                  <path
                    d="M15.355,10.592l-3,3a.5.5,0,0,1-.35.15.508.508,0,0,1-.36-.15l-3-3a.5.5,0,0,1,.71-.71l2.14,2.139V3.552a.508.508,0,0,1,.5-.5.5.5,0,0,1,.5.5v8.49l2.15-2.16a.5.5,0,0,1,.71.71Z"
                  />
                </g>
              </g>
            </svg>
            Télécharger le rapport
          </span>
        </button>
        <div
          class="w-[auto] dropdown dropdown-end flex"
        >
          <label
            class=" bg-white border rounded-xl w-full py-2 px-4 flex justify-between items-center py-1 w-[auto]"
            tabindex="0"
          >
            <span
              class="flex mr-2 gap-4 items-center"
            >
              <svg
                fill="currentColor"
                height="1em"
                stroke="currentColor"
                stroke-width="0"
                viewBox="0 0 24 24"
                width="1em"
                xmlns="http://www.w3.org/2000/svg"
              >
                <g
                  id="Circle_List"
                >
                  <g>
                    <path
                      d="M20.438,6.062h-9a.5.5,0,0,1,0-1h9a.5.5,0,0,1,0,1Z"
                    />
                    <path
                      d="M20.438,12.5h-9a.5.5,0,0,1,0-1h9a.5.5,0,0,1,0,1Z"
                    />
                    <path
                      d="M20.438,18.935h-9a.5.5,0,1,1,0-1h9a.5.5,0,0,1,0,1Z"
                    />
                    <path
                      d="M5.562,8.062a2.5,2.5,0,1,1,2.5-2.5A2.5,2.5,0,0,1,5.562,8.062Zm0-4a1.5,1.5,0,1,0,1.5,1.5A1.5,1.5,0,0,0,5.562,4.062Z"
                    />
                    <path
                      d="M5.562,14.5a2.5,2.5,0,1,1,2.5-2.5A2.5,2.5,0,0,1,5.562,14.5Zm0-4a1.5,1.5,0,1,0,1.5,1.5A1.5,1.5,0,0,0,5.562,10.5Z"
                    />
                    <path
                      d="M5.562,20.938a2.5,2.5,0,1,1,2.5-2.5A2.5,2.5,0,0,1,5.562,20.938Zm0-4a1.5,1.5,0,1,0,1.5,1.5A1.5,1.5,0,0,0,5.562,16.938Z"
                    />
                  </g>
                </g>
              </svg>
              <span
                class="font-light"
              >
                Trier par
              </span>
            </span>
            <svg
              aria-hidden="true"
              fill="currentColor"
              height="20"
              stroke="currentColor"
              stroke-width="0"
              viewBox="0 0 20 20"
              width="20"
              xmlns="http://www.w3.org/2000/svg"
            >
              <path
                clip-rule="evenodd"
                d="M5.293 7.293a1 1 0 011.414 0L10 10.586l3.293-3.293a1 1 0 111.414 1.414l-4 4a1 1 0 01-1.414 0l-4-4a1 1 0 010-1.414z"
                fill-rule="evenodd"
              />
            </svg>
          </label>
          <ul
            class="undefined w-full mt-14 dropdown-content menu p-2 bg-white border rounded-box text-gray-700 font-light"
            tabindex="0"
          >
            <li>
              <a>
                Detail
              </a>
            </li>
            <li>
              <a>
                Annuler
              </a>
            </li>
          </ul>
        </div>
      </div>
    </div>
    <div
      class="space-y-4 bg-white py-8 md:px-6 px-3 drop-shadow-sm rounded-lg"
    >
      <div
        class="MuiBox-root css-8atqhb"
      >
        <div
          class="flex flex-col md:flex-row gap-6 md:gap-0 md:items-center justify-between"
        >
          <div
            class="space-y-2"
          >
            <h2
              class="font-bold text-xl text-gray-700"
            >
              Historique des transactions
            </h2>
            <span
              class="text-xs text-gray-500"
            >
              Liste de toutes les transactions effectuées
            </span>
          </div>
          <div
            class="MuiBox-root css-1gsv261"
          >
            <div
              class="MuiTabs-root text-sm md:text-md css-1ujnqem-MuiTabs-root"
            >
              <div
                class="MuiTabs-scroller MuiTabs-fixed css-jpln7h-MuiTabs-scroller"
                style="overflow: hidden; margin-bottom: 0px;"
              >
                <div
                  aria-label="basic tabs example"
                  class="MuiTabs-flexContainer css-heg063-MuiTabs-flexContainer"
                  role="tablist"
                >
                  <button
                    aria-controls="simple-tabpanel-0"
                    aria-selected="true"
                    class="MuiButtonBase-root MuiTab-root MuiTab-textColorPrimary Mui-selected css-1h9z7r5-MuiButtonBase-root-MuiTab-root"
                    id="simple-tab-0"
                    role="tab"
                    tabindex="0"
                    transactions=""
                    type="button"
                  >
                    Mensuel
                    <span
                      class="MuiTouchRipple-root css-8je8zh-MuiTouchRipple-root"
                    />
                  </button>
                  <button
                    aria-controls="simple-tabpanel-1"
                    aria-selected="false"
                    class="MuiButtonBase-root MuiTab-root MuiTab-textColorPrimary css-1h9z7r5-MuiButtonBase-root-MuiTab-root"
                    id="simple-tab-1"
                    role="tab"
                    tabindex="-1"
                    transactions=""
                    type="button"
                  >
                    Hebdomadaire
                    <span
                      class="MuiTouchRipple-root css-8je8zh-MuiTouchRipple-root"
                    />
                  </button>
                  <button
                    aria-controls="simple-tabpanel-2"
                    aria-selected="false"
                    class="MuiButtonBase-root MuiTab-root MuiTab-textColorPrimary css-1h9z7r5-MuiButtonBase-root-MuiTab-root"
                    id="simple-tab-2"
                    role="tab"
                    tabindex="-1"
                    transactions=""
                    type="button"
                  >
                    Aujourd'hui
                    <span
                      class="MuiTouchRipple-root css-8je8zh-MuiTouchRipple-root"
                    />
                  </button>
                </div>
                <span
                  class="MuiTabs-indicator css-1aquho2-MuiTabs-indicator"
                  style="left: 0px; width: 0px;"
                />
              </div>
            </div>
          </div>
        </div>
        <div>
          <div
            aria-labelledby="simple-tab-0"
            id="simple-tabpanel-0"
            role="tabpanel"
          >
            <div
              class="MuiBox-root css-hpgf8j"
            >
              <p
                class="MuiTypography-root MuiTypography-body1 css-ahj2mt-MuiTypography-root"
              >
                <section
                  class="space-y-3"
                >
                  <div
                    class="w-full flex flex-col items-center gap-3"
                  >
                    <span
                      class="text-gray-400 text-xs font-normal"
                    >
                      Chargement en cours...
                    </span>
                  </div>
                </section>
              </p>
            </div>
          </div>
          <div
            aria-labelledby="simple-tab-1"
            hidden=""
            id="simple-tabpanel-1"
            role="tabpanel"
          />
          <div
            aria-labelledby="simple-tab-2"
            hidden=""
            id="simple-tabpanel-2"
            role="tabpanel"
          />
        </div>
      </div>
    </div>
    <div
      class="md:grid md:grid-cols-2 flex flex-col gap-3 md:gap-8 mt-8 w-full"
    >
      <div
        class="bg-gradient-to-r from-sky to-indigo-500 shadow-md rounded-lg p-6 text-white flex items-center gap-7 order-1"
      >
        <div
          class="p-3 bg-white shadow rounded-full"
        >
          <svg
            class="text-sky"
            fill="currentColor"
            height="30"
            stroke="currentColor"
            stroke-width="0"
            viewBox="0 0 1024 1024"
            width="30"
            xmlns="http://www.w3.org/2000/svg"
          >
            <path
              d="M400 317.7h73.9V656c0 4.4 3.6 8 8 8h60c4.4 0 8-3.6 8-8V317.7H624c6.7 0 10.4-7.7 6.3-12.9L518.3 163a8 8 0 0 0-12.6 0l-112 141.7c-4.1 5.3-.4 13 6.3 13zM878 626h-60c-4.4 0-8 3.6-8 8v154H214V634c0-4.4-3.6-8-8-8h-60c-4.4 0-8 3.6-8 8v198c0 17.7 14.3 32 32 32h684c17.7 0 32-14.3 32-32V634c0-4.4-3.6-8-8-8z"
            />
          </svg>
        </div>
        <h2
          class="text-lg font-semibold"
        >
          Envoyer un pass santé
        </h2>
      </div>
      <div
        class="bg-gradient-to-r from-purple to-pink-500 shadow-md rounded-lg p-6 text-white flex items-center gap-7 order-3 md:order-2"
      >
        <div
          class="p-3 bg-white shadow rounded-full"
        >
          <svg
            class="text-purple"
            fill="none"
            height="30"
            stroke="currentColor"
            stroke-linecap="round"
            stroke-linejoin="round"
            stroke-width="2"
            viewBox="0 0 24 24"
            width="30"
            xmlns="http://www.w3.org/2000/svg"
          >
            <path
              d="M0 0h24v24H0z"
              fill="none"
              stroke="none"
            />
            <path
              d="M5 21v-16a2 2 0 0 1 2 -2h10a2 2 0 0 1 2 2v16l-3 -2l-2 2l-2 -2l-2 2l-2 -2l-3 2m4 -14h6m-6 4h6m-2 4h2"
            />
          </svg>
        </div>
        <h2
          class="text-lg font-semibold"
        >
          Pass santé Envoyer
        </h2>
      </div>
      <div
        class="bg-white py-4 px-2 relative drop-shadow-sm rounded-lg space-y-8 w-full md:w-full h-full order-2"
      >
        <div
          class="flex flex-row gap-6 md:gap-0 md:items-center justify-between px-6"
        >
          <div
            class="space-y-2"
          >
            <h2
              class="font-bold text-xl text-gray-700"
            >
              Mes bénéficiaires
            </h2>
            <span
              class="text-xs text-gray-500 hidden md:flex"
            >
              Tous les bénéficiaire récement contacté
            </span>
          </div>
        </div>
        <div
          class="w-full flex flex-col items-center gap-3"
        >
          <span
            class="text-gray-400 text-xs font-normal"
          >
            Loading...
          </span>
        </div>
      </div>
      <div
        class="bg-white mb-10 py-4 px-2 relative drop-shadow-sm rounded-lg space-y-8 w-full md:w-full h-full order-4"
      >
        <div
          class="flex flex-col md:flex-row gap-6 md:gap-0 md:items-center justify-between px-6"
        >
          <div
            class="space-y-2"
          >
            <h2
              class="font-bold text-xl text-gray-700"
            >
              Pass santé Envoyer
            </h2>
            <span
              class="text-xs text-gray-500"
            >
              Tous les bénéficiaire récement contacté
            </span>
          </div>
        </div>
        <div
          class="px-6 space-y-3"
        >
          <div
            class="w-full flex flex-col items-center gap-3"
          >
            <span
              class="text-gray-400 text-xs font-normal"
            >
              Loading...
            </span>
          </div>
        </div>
      </div>
    </div>
  </div>
</div>
`;
