// Jest Snapshot v1, https://goo.gl/fbAQLP

exports[`checkout page should render empty page when fetch fails 1`] = `
<div>
  <div
    class="App"
  />
</div>
`;
