// Jest Snapshot v1, https://goo.gl/fbAQLP

exports[`Buy button should render the component 1`] = `
<div>
  <a
    class="flex items-center gap-2 justify-between rounded-lg bg-orange py-2 px-3 effect-up shadow undefined"
    href="#"
  >
    <span
      class="bg-white text-sky p-1 rounded-md"
    >
      <svg
        fill="none"
        height="1em"
        stroke="currentColor"
        stroke-width="0"
        viewBox="0 0 24 24"
        width="1em"
        xmlns="http://www.w3.org/2000/svg"
      >
        <path
          d="M12 4v16m8-8H4"
          stroke-linecap="round"
          stroke-linejoin="round"
          stroke-width="2"
        />
      </svg>
    </span>
    <span
      class="text-sm font-light"
    >
      Sample Text
    </span>
  </a>
</div>
`;
