// Jest Snapshot v1, https://goo.gl/fbAQLP

exports[`ForgotForm renders 1`] = `
<div>
  <div
    class="form-holder"
  >
    <div
      class="menu-holder"
    >
      <ul
        class="main-links"
      >
        <li>
          <div
            class="MuiBox-root css-1at62qq"
          >
            <a
              class="normal-link"
              href="/register"
            >
              Vous n'avez pas de compte ?
            </a>
          </div>
        </li>
        <li>
          <div
            class="MuiBox-root css-0"
          >
            <a
              href="/register"
            >
              <button
                class="MuiButtonBase-root MuiButton-root MuiButton-contained MuiButton-containedPrimary MuiButton-sizeMedium MuiButton-containedSizeMedium MuiButton-root MuiButton-contained MuiButton-containedPrimary MuiButton-sizeMedium MuiButton-containedSizeMedium bg-yellow css-sghohy-MuiButtonBase-root-MuiButton-root"
                tabindex="0"
                type="button"
              >
                S'INSCRIRE
                <span
                  class="MuiTouchRipple-root css-8je8zh-MuiTouchRipple-root"
                />
              </button>
            </a>
          </div>
        </li>
      </ul>
    </div>
    <div
      class="signin-signup-form"
    >
      <div
        class="flex flex-col md:w-3/4 w-full border-opacity-50 gap-4"
      >
        <div
          class="form-items !w-full !max-w-full flex flex-col items-center mx-auto"
        >
          <div
            class="md:w-3/4 mx-auto"
          >
            <div
              class="form-title"
            >
              Mot de passe oublié
            </div>
            <div
              class="MuiBox-root css-19bt0nb"
            />
            <form
              class=""
              id="signinform"
            >
              <div
                class="css-1p5q5e5-MuiStack-root"
              >
                <div
                  class="space-y-1"
                >
                  <div
                    class="MuiFormControl-root MuiFormControl-fullWidth MuiTextField-root css-wb57ya-MuiFormControl-root-MuiTextField-root"
                  >
                    <label
                      class="MuiFormLabel-root MuiInputLabel-root MuiInputLabel-formControl MuiInputLabel-animated MuiInputLabel-outlined MuiFormLabel-colorPrimary MuiInputLabel-root MuiInputLabel-formControl MuiInputLabel-animated MuiInputLabel-outlined css-14s5rfu-MuiFormLabel-root-MuiInputLabel-root"
                      data-shrink="false"
                      for="outlined-basic"
                      id="outlined-basic-label"
                    >
                      Adresse email
                    </label>
                    <div
                      class="MuiInputBase-root MuiOutlinedInput-root MuiInputBase-colorPrimary MuiInputBase-fullWidth MuiInputBase-formControl css-md26zr-MuiInputBase-root-MuiOutlinedInput-root"
                    >
                      <input
                        aria-invalid="false"
                        class="MuiInputBase-input MuiOutlinedInput-input css-1t8l2tu-MuiInputBase-input-MuiOutlinedInput-input"
                        id="outlined-basic"
                        name="email"
                        type="text"
                        value=""
                      />
                      <fieldset
                        aria-hidden="true"
                        class="MuiOutlinedInput-notchedOutline css-1d3z3hw-MuiOutlinedInput-notchedOutline"
                      >
                        <legend
                          class="css-yjsfm1"
                        >
                          <span>
                            Adresse email
                          </span>
                        </legend>
                      </fieldset>
                    </div>
                  </div>
                </div>
                <div
                  class="MuiBox-root css-0"
                >
                  <button
                    class="MuiButtonBase-root MuiButton-root MuiButton-contained MuiButton-containedPrimary MuiButton-sizeLarge MuiButton-containedSizeLarge MuiButton-root MuiButton-contained MuiButton-containedPrimary MuiButton-sizeLarge MuiButton-containedSizeLarge bg-yellow css-jh47zj-MuiButtonBase-root-MuiButton-root"
                    tabindex="0"
                    type="submit"
                  >
                    Envoyer
                    <span
                      class="MuiTouchRipple-root css-8je8zh-MuiTouchRipple-root"
                    />
                  </button>
                </div>
              </div>
            </form>
          </div>
        </div>
      </div>
    </div>
  </div>
</div>
`;
