// Jest Snapshot v1, https://goo.gl/fbAQLP

exports[`LoginForm renders 1`] = `
<div>
  <div
    class="form-holder"
  >
    <div
      class="menu-holder"
    >
      <ul
        class="main-links"
      >
        <li>
          <div
            class="MuiBox-root css-1at62qq"
          >
            <a
              class="normal-link"
              href="/register"
            >
              Vous n'avez pas de compte ?
            </a>
          </div>
        </li>
        <li>
          <div
            class="MuiBox-root css-0"
          >
            <a
              href="/register"
            >
              <button
                class="MuiButtonBase-root MuiButton-root MuiButton-contained MuiButton-containedPrimary MuiButton-sizeMedium MuiButton-containedSizeMedium MuiButton-root MuiButton-contained MuiButton-containedPrimary MuiButton-sizeMedium MuiButton-containedSizeMedium bg-yellow css-sghohy-MuiButtonBase-root-MuiButton-root"
                tabindex="0"
                type="button"
              >
                S'INSCRIRE
                <span
                  class="MuiTouchRipple-root css-8je8zh-MuiTouchRipple-root"
                />
              </button>
            </a>
          </div>
        </li>
      </ul>
    </div>
    <div
      class="signin-signup-form"
    >
      <div
        class="flex flex-col md:w-3/4 w-full border-opacity-50 gap-4"
      >
        <div
          class="form-items !w-full !max-w-full flex flex-col items-center mx-auto"
        >
          <div
            class="md:w-3/4 mx-auto"
          >
            <div
              class="form-title"
            >
              Connectez-vous à votre compte
            </div>
            <div
              class="MuiBox-root css-19bt0nb"
            />
            <form
              id="signinform"
            >
              <div
                class="css-1p5q5e5-MuiStack-root"
              >
                <div
                  class="space-y-1 flex flex-col gap-1"
                >
                  <div
                    class="MuiFormControl-root MuiFormControl-fullWidth MuiTextField-root lowercase css-wb57ya-MuiFormControl-root-MuiTextField-root"
                  >
                    <label
                      class="MuiFormLabel-root MuiInputLabel-root MuiInputLabel-formControl MuiInputLabel-animated MuiInputLabel-outlined MuiFormLabel-colorPrimary MuiInputLabel-root MuiInputLabel-formControl MuiInputLabel-animated MuiInputLabel-outlined css-14s5rfu-MuiFormLabel-root-MuiInputLabel-root"
                      data-shrink="false"
                      for="outlined-basic"
                      id="outlined-basic-label"
                    >
                      Entrez votre adresse email ou Numéro de Téléphone
                    </label>
                    <div
                      class="MuiInputBase-root MuiOutlinedInput-root MuiInputBase-colorPrimary MuiInputBase-fullWidth MuiInputBase-formControl input-email css-md26zr-MuiInputBase-root-MuiOutlinedInput-root"
                    >
                      <input
                        aria-invalid="false"
                        class="MuiInputBase-input MuiOutlinedInput-input css-1t8l2tu-MuiInputBase-input-MuiOutlinedInput-input"
                        id="outlined-basic"
                        name="email"
                        type="text"
                        value=""
                      />
                      <fieldset
                        aria-hidden="true"
                        class="MuiOutlinedInput-notchedOutline css-1d3z3hw-MuiOutlinedInput-notchedOutline"
                      >
                        <legend
                          class="css-yjsfm1"
                        >
                          <span>
                            Entrez votre adresse email ou Numéro de Téléphone
                          </span>
                        </legend>
                      </fieldset>
                    </div>
                  </div>
                </div>
                <div
                  class="space-y-1 flex flex-col gap-1"
                >
                  <div
                    class="MuiFormControl-root MuiFormControl-fullWidth css-q8hpuo-MuiFormControl-root"
                  >
                    <label
                      class="MuiFormLabel-root MuiInputLabel-root MuiInputLabel-formControl MuiInputLabel-animated MuiInputLabel-outlined MuiFormLabel-colorPrimary MuiInputLabel-root MuiInputLabel-formControl MuiInputLabel-animated MuiInputLabel-outlined css-14s5rfu-MuiFormLabel-root-MuiInputLabel-root"
                      data-shrink="false"
                      for="outlined-basic1"
                    >
                      Entrez votre mot de passe
                    </label>
                    <div
                      class="MuiInputBase-root MuiOutlinedInput-root MuiInputBase-colorPrimary MuiInputBase-formControl MuiInputBase-adornedEnd css-o9k5xi-MuiInputBase-root-MuiOutlinedInput-root"
                    >
                      <input
                        aria-invalid="false"
                        class="MuiInputBase-input MuiOutlinedInput-input MuiInputBase-inputAdornedEnd css-nxo287-MuiInputBase-input-MuiOutlinedInput-input"
                        id="outlined-basic1"
                        name="password"
                        type="password"
                        value=""
                      />
                      <div
                        class="MuiInputAdornment-root MuiInputAdornment-positionEnd MuiInputAdornment-outlined MuiInputAdornment-sizeMedium css-1laqsz7-MuiInputAdornment-root"
                      >
                        <button
                          aria-label="toggle password visibility"
                          class="MuiButtonBase-root MuiIconButton-root MuiIconButton-edgeEnd MuiIconButton-sizeMedium css-1yq5fb3-MuiButtonBase-root-MuiIconButton-root"
                          tabindex="0"
                          type="button"
                        >
                          <svg
                            aria-hidden="true"
                            class="MuiSvgIcon-root MuiSvgIcon-fontSizeMedium css-i4bv87-MuiSvgIcon-root"
                            data-testid="VisibilityIcon"
                            focusable="false"
                            viewBox="0 0 24 24"
                          >
                            <path
                              d="M12 4.5C7 4.5 2.73 7.61 1 12c1.73 4.39 6 7.5 11 7.5s9.27-3.11 11-7.5c-1.73-4.39-6-7.5-11-7.5zM12 17c-2.76 0-5-2.24-5-5s2.24-5 5-5 5 2.24 5 5-2.24 5-5 5zm0-8c-1.66 0-3 1.34-3 3s1.34 3 3 3 3-1.34 3-3-1.34-3-3-3z"
                            />
                          </svg>
                          <span
                            class="MuiTouchRipple-root css-8je8zh-MuiTouchRipple-root"
                          />
                        </button>
                      </div>
                      <fieldset
                        aria-hidden="true"
                        class="MuiOutlinedInput-notchedOutline css-1d3z3hw-MuiOutlinedInput-notchedOutline"
                      >
                        <legend
                          class="css-yjsfm1"
                        >
                          <span>
                            Entrez votre mot de passe
                          </span>
                        </legend>
                      </fieldset>
                    </div>
                  </div>
                </div>
                <div
                  class="MuiBox-root css-xtaagk"
                >
                  <span
                    class="MuiTypography-root MuiTypography-caption css-ol7wxs-MuiTypography-root"
                  >
                    <a
                      href="/forgot/password"
                    >
                      Mot de passe oublié ?
                    </a>
                  </span>
                </div>
                <div
                  class="MuiBox-root css-0"
                >
                  <button
                    class="MuiButtonBase-root MuiButton-root MuiButton-contained MuiButton-containedPrimary MuiButton-sizeLarge MuiButton-containedSizeLarge MuiButton-root MuiButton-contained MuiButton-containedPrimary MuiButton-sizeLarge MuiButton-containedSizeLarge bg-yellow text-uppercase login css-jh47zj-MuiButtonBase-root-MuiButton-root"
                    tabindex="0"
                    type="submit"
                  >
                    Se connecter
                    <span
                      class="MuiTouchRipple-root css-8je8zh-MuiTouchRipple-root"
                    />
                  </button>
                </div>
              </div>
            </form>
          </div>
        </div>
      </div>
    </div>
  </div>
</div>
`;
