// Jest Snapshot v1, https://goo.gl/fbAQLP

exports[`PanelContent should render the component 1`] = `
<div>
  <div
    aria-labelledby="simple-tab-1"
    hidden=""
    id="simple-tabpanel-1"
    role="tabpanel"
  />
</div>
`;
