// Jest Snapshot v1, https://goo.gl/fbAQLP

exports[`Saving should render 1`] = `
<div>
  <div
    class="p-2 space-y-6 md:py-8 md:px-6 mb-12"
  >
    <div
      class="border w-full rounded-lg py-8 px-6 flex flex-col flex-wrap md:flex-row justify-between items-center gap-4 bg-white cursor-pointer"
    >
      <div
        class="flex flex-col"
      >
        <h1
          class="md:text-2xl text-gray-700 font-bold flex-wrap flex items-center gap-2 text-lg"
        >
          Épargne de Santé
        </h1>
      </div>
      <div
        class="flex flex-row flex-wrap  gap-2 center justify-end space-x-2"
      >
        <button
          class="text-white bg-blue-700 border border-transparent hover:bg-blue-800 focus:ring-4 focus:ring-blue-300 disabled:hover:bg-blue-700 dark:bg-blue-600 dark:hover:bg-blue-700 dark:focus:ring-blue-800 dark:disabled:hover:bg-blue-600 focus:!ring-2 group flex h-min items-center justify-center p-0.5 text-center font-medium focus:z-10 rounded-lg bg-primary"
          type="button"
        >
          <span
            class="flex items-center rounded-md text-sm px-4 py-2"
          >
            <svg
              class="mr-2 h-5 w-5"
              fill="currentColor"
              height="1em"
              stroke="currentColor"
              stroke-width="0"
              viewBox="0 0 24 24"
              width="1em"
              xmlns="http://www.w3.org/2000/svg"
            >
              <g
                id="Square_Plus"
              >
                <g>
                  <path
                    d="M18.438,20.938H5.563a2.5,2.5,0,0,1-2.5-2.5V5.564a2.5,2.5,0,0,1,2.5-2.5H18.438a2.5,2.5,0,0,1,2.5,2.5V18.438A2.5,2.5,0,0,1,18.438,20.938ZM5.563,4.064a1.5,1.5,0,0,0-1.5,1.5V18.438a1.5,1.5,0,0,0,1.5,1.5H18.438a1.5,1.5,0,0,0,1.5-1.5V5.564a1.5,1.5,0,0,0-1.5-1.5Z"
                  />
                  <path
                    d="M15,12.5H12.5V15a.5.5,0,0,1-1,0V12.5H9a.5.5,0,0,1,0-1h2.5V9a.5.5,0,0,1,1,0v2.5H15A.5.5,0,0,1,15,12.5Z"
                  />
                </g>
              </g>
            </svg>
            Nouvelle épargne
          </span>
        </button>
      </div>
    </div>
    <div
      class="container"
    >
      <div
        class="bg-white drop-shadow-sm rounded-lg px-3 py-3"
      >
        <div
          class="flex flex-row-reverse"
        >
          <div
            class="undefined dropdown dropdown-end flex"
          >
            <label
              class=" bg-white border rounded-xl w-full py-2 px-4 flex justify-between items-center border-none"
              tabindex="0"
            >
              <span
                class="flex mr-2 gap-4 items-center"
              >
                <svg
                  aria-hidden="true"
                  class="cursor-pointer text-gray-700"
                  fill="currentColor"
                  height="24"
                  stroke="currentColor"
                  stroke-width="0"
                  viewBox="0 0 20 20"
                  width="24"
                  xmlns="http://www.w3.org/2000/svg"
                >
                  <path
                    d="M10 6a2 2 0 110-4 2 2 0 010 4zM10 12a2 2 0 110-4 2 2 0 010 4zM10 18a2 2 0 110-4 2 2 0 010 4z"
                  />
                </svg>
                <span
                  class="font-light"
                />
              </span>
            </label>
            <ul
              class="!p-0 mt-10 w-28 w-full mt-14 dropdown-content menu p-2 bg-white border rounded-box text-gray-700 font-light"
              tabindex="0"
            >
              <li>
                <a>
                  Delete
                </a>
              </li>
              <li>
                <a>
                  Edit
                </a>
              </li>
            </ul>
          </div>
        </div>
        <div
          class="flex flex-col md:flex-row gap-6 md:items-center justify-between px-6"
        >
          <div
            class="flex gap-2 items-center"
          >
            <svg
              class="text-sky"
              fill="currentColor"
              height="80"
              stroke="currentColor"
              stroke-width="0"
              viewBox="0 0 24 24"
              width="80"
              xmlns="http://www.w3.org/2000/svg"
            >
              <g
                id="Wallet"
              >
                <g>
                  <path
                    d="M19.435,4.065H4.565a2.5,2.5,0,0,0-2.5,2.5v10.87a2.5,2.5,0,0,0,2.5,2.5h14.87a2.5,2.5,0,0,0,2.5-2.5V6.565A2.5,2.5,0,0,0,19.435,4.065Zm1.5,9.93h-6.42a2,2,0,0,1,0-4h6.42Zm-6.42-5a3,3,0,0,0,0,6h6.42v2.44a1.5,1.5,0,0,1-1.5,1.5H4.565a1.5,1.5,0,0,1-1.5-1.5V6.565a1.5,1.5,0,0,1,1.5-1.5h14.87a1.5,1.5,0,0,1,1.5,1.5v2.43Z"
                  />
                  <circle
                    cx="14.519"
                    cy="11.996"
                    r="1"
                  />
                </g>
              </g>
            </svg>
            <div
              class="text-gray-700"
            >
              <h1
                class="font-semibold text-xl"
              >
                Portefeuille ID
              </h1>
              <h3
                class="font-light uppercase text-md"
              >
                #
                ...
              </h3>
            </div>
          </div>
          <span
            class="w-12 hidden md:block"
          />
        </div>
        <div
          class="px-6 mt-8 space-y-7"
        >
          <div
            class="flex flex-col justify-center items-center my-10 md:my-20 gap-6"
          >
            <img
              alt=""
              class="md:w-44 w-28 opacity-80"
              data-nimg="1"
              decoding="async"
              height="512"
              loading="lazy"
              src="/_next/image?url=https%3A%2F%2Fi.goopics.net%2Fozsga7.png&w=1080&q=75"
              srcset="/_next/image?url=https%3A%2F%2Fi.goopics.net%2Fozsga7.png&w=640&q=75 1x, /_next/image?url=https%3A%2F%2Fi.goopics.net%2Fozsga7.png&w=1080&q=75 2x"
              style="color: transparent;"
              width="512"
            />
            <span
              class="text-gray-400 text-sm"
            >
              Aucun épargne actuellement en cours...
            </span>
          </div>
        </div>
      </div>
    </div>
  </div>
</div>
`;
