// Jest Snapshot v1, https://goo.gl/fbAQLP

exports[`Saving Summary should render 1`] = `
<div>
  <div
    class="p-2 space-y-6 md:py-8 md:px-6 mb-20 md:mb-10"
  >
    <div
      class="border w-full rounded-lg py-8 px-6 flex flex-col flex-wrap md:flex-row justify-between items-center gap-4 bg-white cursor-pointer"
    >
      <div
        class="flex flex-col"
      >
        <h1
          class="md:text-2xl text-gray-700 font-bold flex-wrap flex items-center gap-2 text-lg"
        >
          Résumé & Premier paiement de l'épargne
        </h1>
        <ul
          class="flex gap-2"
        >
          <li>
            <span
              class="flex gap-2 font-semibold text-sky"
            >
              Épargne de santé
              <span>
                /
              </span>
            </span>
          </li>
          <li>
            <span
              class="flex gap-2 font-light text-gray-500"
            >
              Résumé & Premier paiement de l'épargne
            </span>
          </li>
        </ul>
      </div>
      <div
        class="flex flex-row flex-wrap  gap-2 center justify-end space-x-2"
      />
    </div>
    <div
      class="flex justify-center w-full  py-10 items-end bg-white rounded-lg border"
    >
      <div
        class="grid lg:grid-cols-2 gap-6"
      >
        <div
          class="px-4 pt-8"
        >
          <div
            class="flex gap-2 items-center mb-3"
          >
            <button
              class="border border-gray-300 rounded-xl py-1 px-2 hover:bg-gray-200"
              type="button"
            >
              <svg
                aria-hidden="true"
                fill="currentColor"
                height="24"
                stroke="currentColor"
                stroke-width="0"
                viewBox="0 0 20 20"
                width="24"
                xmlns="http://www.w3.org/2000/svg"
              >
                <path
                  clip-rule="evenodd"
                  d="M9.707 14.707a1 1 0 01-1.414 0l-4-4a1 1 0 010-1.414l4-4a1 1 0 011.414 1.414L7.414 9H15a1 1 0 110 2H7.414l2.293 2.293a1 1 0 010 1.414z"
                  fill-rule="evenodd"
                />
              </svg>
            </button>
            <p
              class="text-xl font-medium"
            >
              Détails de l'épargne
            </p>
          </div>
          <p
            class="text-gray-400 text-xs"
          >
            Confirmer les informations et choisissez la methode de paiement
          </p>
          <div
            class="items-center sm:flex w-full"
          >
            <div
              class="py-5 w-full"
            >
              <h3
                class="text-xl font-semibold tracking-tight text-gray-900 "
              >
                <a
                  href="#"
                >
                  Épargne -
                   
                  <span
                    class="text-orange font-bold"
                  />
                </a>
              </h3>
              <span
                class="text-gray-500 "
              >
                Sur un total de 
                 Mois
              </span>
              <p
                class="mt-3 mb-4 font-light text-gray-500 w-full"
              >
                <ul
                  class="flex flex-col gap-1 w-full text-sm"
                >
                  <li
                    class="flex justify-between w-full"
                  >
                    Objectif:
                     
                    <b
                      class="text-orange"
                    >
                      $NaN
                    </b>
                  </li>
                </ul>
              </p>
            </div>
          </div>
          <div
            class="mt-6 border-t border-b py-2 space-y-4"
          >
            <div
              class="flex items-center justify-between"
            >
              <p
                class="text-sm font-medium text-gray-900"
              >
                Devise d'épargne
              </p>
              <p
                class="font-normal text-sm text-gray-600"
              >
                USD
              </p>
            </div>
            <div
              class="flex items-center justify-between"
            >
              <p
                class="text-sm font-medium text-gray-900"
              >
                Fréquence de paiement
              </p>
              <p
                class="font-normal text-sm text-gray-600"
              >
                ---
              </p>
            </div>
            <div
              class="flex items-center justify-between"
            >
              <p
                class="text-sm font-medium text-gray-900"
              >
                Frais WiiQare
              </p>
              <p
                class="font-normal text-sm text-gray-600"
              >
                0%
              </p>
            </div>
          </div>
          <div
            class="mt-6 flex items-center justify-between border-b pb-6"
          >
            <p
              class="text-sm font-medium text-gray-900"
            >
              Premier paiement
            </p>
            <p
              class="text-2xl font-semibold text-gray-900"
            >
              £NaN
            </p>
          </div>
          <p
            class="mt-8 text-lg font-medium"
          >
            Modes de paiement
          </p>
          <form
            class="mt-5 grid gap-6"
          >
            <div
              class="relative"
            >
              <span
                class="border-orange absolute right-4 top-1/2 box-content block h-3 w-3 -translate-y-1/2 rounded-full border-8 border-gray-300 bg-white"
              />
              <label
                class="border-2 border-orange peer-checked:bg-gray-50 flex cursor-pointer select-none rounded-lg border border-gray-300 p-4"
                for="radio_1"
              >
                <img
                  alt=""
                  class="w-14 object-contain"
                  src="/images/carte-bancaire.png"
                />
                <div
                  class="ml-5"
                >
                  <span
                    class="mt-2 font-semibold"
                  >
                    Carte Bancaire
                  </span>
                  <p
                    class="text-slate-500 text-sm leading-6"
                  >
                    Visa & Mastercard
                  </p>
                </div>
              </label>
            </div>
            <div
              class="relative"
            >
              <span
                class=" absolute right-4 top-1/2 box-content block h-3 w-3 -translate-y-1/2 rounded-full border-8 border-gray-300 bg-white"
              />
              <label
                class=" flex cursor-pointer select-none rounded-lg border border-gray-300 p-4"
                for="radio_2"
              >
                <img
                  alt=""
                  class="w-14 object-contain"
                  src="/images/crypto-monnaie.png"
                />
                <div
                  class="ml-5"
                >
                  <span
                    class="mt-2 font-semibold"
                  >
                    Crypto Monnaie
                  </span>
                  <p
                    class="text-slate-500 text-sm leading-6"
                  >
                    Ethereum (ETH) & Bitcoin (BTC)
                  </p>
                </div>
              </label>
            </div>
            <div
              class="relative"
            >
              <span
                class=" absolute right-4 top-1/2 box-content block h-3 w-3 -translate-y-1/2 rounded-full border-8 border-gray-300 bg-white"
              />
              <label
                class=" flex cursor-pointer select-none rounded-lg border border-gray-300 p-4"
                for="radio_3"
              >
                <img
                  alt=""
                  class="w-14 object-contain"
                  src="https://i.goopics.net/com9rd.png"
                />
                <div
                  class="ml-5"
                >
                  <span
                    class="mt-2 font-semibold"
                  >
                    Mobile Money
                  </span>
                  <p
                    class="text-slate-500 text-sm leading-6"
                  >
                    Mpesa, Orange & Airtel Money
                  </p>
                </div>
              </label>
            </div>
          </form>
        </div>
        <div
          class="mt-6 bg-gray-50 px-4 pt-8 lg:mt-0 rounded-xl"
        >
          <p
            class="text-xl font-medium"
          >
            Informations Bancaire
          </p>
          <p
            class="text-gray-400 text-xs mb-4"
          >
            Completez vos informations bancaire
          </p>
          <div>
            <button
              class="mb-8 w-full rounded-md bg-orange effect-up px-6 py-4 font-medium text-white"
              type="submit"
            >
              Procéder au paiement
            </button>
          </div>
        </div>
      </div>
    </div>
  </div>
</div>
`;
