// Jest Snapshot v1, https://goo.gl/fbAQLP

exports[`Hospitals should render the page 1`] = `
<div>
  <div
    class="p-2 space-y-6 md:py-8 md:px-6 mb-20 md:mb-6"
  >
    <div
      class="border w-full rounded-lg py-8 px-6 flex flex-col flex-wrap md:flex-row justify-between items-center gap-4 bg-white cursor-pointer"
    >
      <div
        class="flex flex-col"
      >
        <h1
          class="md:text-2xl text-gray-700 font-bold flex-wrap flex items-center gap-2 text-lg"
        >
          Liste des hôpitaux
        </h1>
      </div>
      <div
        class="flex flex-row flex-wrap  gap-2 center justify-end space-x-2"
      >
        <button
          class="text-white bg-blue-700 border border-transparent hover:bg-blue-800 focus:ring-4 focus:ring-blue-300 disabled:hover:bg-blue-700 dark:bg-blue-600 dark:hover:bg-blue-700 dark:focus:ring-blue-800 dark:disabled:hover:bg-blue-600 focus:!ring-2 group flex h-min items-center justify-center p-0.5 text-center font-medium focus:z-10 rounded-lg bg-primary"
          type="button"
        >
          <span
            class="flex items-center rounded-md text-sm px-4 py-2"
          >
            <svg
              class="mr-2 h-5 w-5"
              fill="currentColor"
              height="1em"
              stroke="currentColor"
              stroke-width="0"
              viewBox="0 0 24 24"
              width="1em"
              xmlns="http://www.w3.org/2000/svg"
            >
              <g
                id="Save_Down_2"
              >
                <g>
                  <path
                    d="M18.437,20.948H5.563a2.372,2.372,0,0,1-2.5-2.21v-11a2.372,2.372,0,0,1,2.5-2.211h.462a.5.5,0,0,1,0,1H5.563a1.38,1.38,0,0,0-1.5,1.211v11a1.38,1.38,0,0,0,1.5,1.21H18.437a1.38,1.38,0,0,0,1.5-1.21v-11a1.38,1.38,0,0,0-1.5-1.211h-.462a.5.5,0,0,1,0-1h.462a2.372,2.372,0,0,1,2.5,2.211v11A2.372,2.372,0,0,1,18.437,20.948Z"
                  />
                  <path
                    d="M15.355,10.592l-3,3a.5.5,0,0,1-.35.15.508.508,0,0,1-.36-.15l-3-3a.5.5,0,0,1,.71-.71l2.14,2.139V3.552a.508.508,0,0,1,.5-.5.5.5,0,0,1,.5.5v8.49l2.15-2.16a.5.5,0,0,1,.71.71Z"
                  />
                </g>
              </g>
            </svg>
            Télécharger le rapport
          </span>
        </button>
        <div
          class="w-[auto] dropdown dropdown-end flex"
        >
          <label
            class=" bg-white border rounded-xl w-full py-2 px-4 flex justify-between items-center py-1 w-[auto]"
            tabindex="0"
          >
            <span
              class="flex mr-2 gap-4 items-center"
            >
              <svg
                fill="currentColor"
                height="1em"
                stroke="currentColor"
                stroke-width="0"
                viewBox="0 0 24 24"
                width="1em"
                xmlns="http://www.w3.org/2000/svg"
              >
                <g
                  id="Circle_List"
                >
                  <g>
                    <path
                      d="M20.438,6.062h-9a.5.5,0,0,1,0-1h9a.5.5,0,0,1,0,1Z"
                    />
                    <path
                      d="M20.438,12.5h-9a.5.5,0,0,1,0-1h9a.5.5,0,0,1,0,1Z"
                    />
                    <path
                      d="M20.438,18.935h-9a.5.5,0,1,1,0-1h9a.5.5,0,0,1,0,1Z"
                    />
                    <path
                      d="M5.562,8.062a2.5,2.5,0,1,1,2.5-2.5A2.5,2.5,0,0,1,5.562,8.062Zm0-4a1.5,1.5,0,1,0,1.5,1.5A1.5,1.5,0,0,0,5.562,4.062Z"
                    />
                    <path
                      d="M5.562,14.5a2.5,2.5,0,1,1,2.5-2.5A2.5,2.5,0,0,1,5.562,14.5Zm0-4a1.5,1.5,0,1,0,1.5,1.5A1.5,1.5,0,0,0,5.562,10.5Z"
                    />
                    <path
                      d="M5.562,20.938a2.5,2.5,0,1,1,2.5-2.5A2.5,2.5,0,0,1,5.562,20.938Zm0-4a1.5,1.5,0,1,0,1.5,1.5A1.5,1.5,0,0,0,5.562,16.938Z"
                    />
                  </g>
                </g>
              </svg>
              <span
                class="font-light"
              >
                Trier par
              </span>
            </span>
            <svg
              aria-hidden="true"
              fill="currentColor"
              height="20"
              stroke="currentColor"
              stroke-width="0"
              viewBox="0 0 20 20"
              width="20"
              xmlns="http://www.w3.org/2000/svg"
            >
              <path
                clip-rule="evenodd"
                d="M5.293 7.293a1 1 0 011.414 0L10 10.586l3.293-3.293a1 1 0 111.414 1.414l-4 4a1 1 0 01-1.414 0l-4-4a1 1 0 010-1.414z"
                fill-rule="evenodd"
              />
            </svg>
          </label>
          <ul
            class="undefined w-full mt-14 dropdown-content menu p-2 bg-white border rounded-box text-gray-700 font-light"
            tabindex="0"
          >
            <li>
              <a>
                Detail
              </a>
            </li>
            <li>
              <a>
                Annuler
              </a>
            </li>
          </ul>
        </div>
      </div>
    </div>
    <div
      class="border rounded-lg overflow-x-auto w-full relative"
    >
      Loading...
    </div>
  </div>
</div>
`;
