// Jest Snapshot v1, https://goo.gl/fbAQLP

exports[`Email renders 1`] = `
<div>
  <div
    class="MuiBox-root css-1vdpy2o"
  >
    <p
      class="MuiTypography-root MuiTypography-body1 css-vkc4v8-MuiTypography-root"
    >
      Entrez votre email
    </p>
  </div>
  <form
    id="signupform"
  >
    <div
      class="css-1p5q5e5-MuiStack-root"
    >
      <div
        class="space-y-1"
      >
        <div
          class="MuiFormControl-root MuiFormControl-fullWidth MuiTextField-root lowercase css-wb57ya-MuiFormControl-root-MuiTextField-root"
        >
          <label
            class="MuiFormLabel-root MuiInputLabel-root MuiInputLabel-formControl MuiInputLabel-animated MuiInputLabel-outlined MuiFormLabel-colorPrimary MuiInputLabel-root MuiInputLabel-formControl MuiInputLabel-animated MuiInputLabel-outlined css-14s5rfu-MuiFormLabel-root-MuiInputLabel-root"
            data-shrink="false"
            for="outlined-basic"
            id="outlined-basic-label"
          >
            E-mail Address
          </label>
          <div
            class="MuiInputBase-root MuiOutlinedInput-root MuiInputBase-colorPrimary MuiInputBase-fullWidth MuiInputBase-formControl css-md26zr-MuiInputBase-root-MuiOutlinedInput-root"
          >
            <input
              aria-invalid="false"
              class="MuiInputBase-input MuiOutlinedInput-input css-1t8l2tu-MuiInputBase-input-MuiOutlinedInput-input"
              id="outlined-basic"
              name="email"
              type="text"
              value=""
            />
            <fieldset
              aria-hidden="true"
              class="MuiOutlinedInput-notchedOutline css-1d3z3hw-MuiOutlinedInput-notchedOutline"
            >
              <legend
                class="css-yjsfm1"
              >
                <span>
                  E-mail Address
                </span>
              </legend>
            </fieldset>
          </div>
        </div>
      </div>
      <div
        class="form-button"
      >
        <button
          class="MuiButtonBase-root MuiButton-root MuiButton-contained MuiButton-containedPrimary MuiButton-sizeLarge MuiButton-containedSizeLarge MuiButton-root MuiButton-contained MuiButton-containedPrimary MuiButton-sizeLarge MuiButton-containedSizeLarge css-jh47zj-MuiButtonBase-root-MuiButton-root"
          tabindex="0"
          type="submit"
        >
          L'Ã‰TAPE SUIVANTE
          <span
            class="MuiTouchRipple-root css-8je8zh-MuiTouchRipple-root"
          />
        </button>
      </div>
    </div>
  </form>
</div>
`;
